
Map of Debug\stvd_project.sm8 from link file Debug\stvd_project.lkf - Sun Nov 04 22:23:48 2018


                               --------
                               Segments
                               --------

start 00008080 end 00008083 length     3 segment .const
start 00008090 end 000085e1 length  1361 segment .text
start 00001000 end 00001000 length     0 segment .eeprom
start 00000000 end 00000005 length     5 segment .bsct, initialized
start 0000808b end 00008090 length     5 segment .bsct, from
start 00000005 end 0000000b length     6 segment .ubsct
start 0000000b end 0000000b length     0 segment .bit
start 0000000b end 0000000b length     0 segment .share
start 00000100 end 00000100 length     0 segment .data
start 00000100 end 00000100 length     0 segment .bss
start 00000000 end 000002c5 length   709 segment .info.
start 00000000 end 00001349 length  4937 segment .debug
start 00008000 end 00008080 length   128 segment .const
start 00008083 end 0000808b length     8 segment .init


                               -------
                               Modules
                               -------

C:\Program Files (x86)\COSMIC\FSE_Compilers\CXSTM8\Lib\crtsi0.sm8:
start 00008090 end 000080e0 length    80 section .text
start 00000100 end 00000100 length     0 section .bss
start 00000005 end 00000005 length     0 section .ubsct
start 00000000 end 00000034 length    52 section .info.

Debug\functions.o:
start 000080e0 end 0000830f length   559 section .text
start 00000000 end 0000073f length  1855 section .debug
start 00000034 end 000000a4 length   112 section .info.

Debug\main.o:
start 0000830f end 000085b4 length   677 section .text
start 00000000 end 00000005 length     5 section .bsct
start 0000073f end 00000979 length   570 section .debug
start 000000a4 end 0000010f length   107 section .info.
start 00008080 end 00008083 length     3 section .const

Debug\stm8l15x_it.o:
start 000085b4 end 000085d2 length    30 section .text
start 00000979 end 00001223 length  2218 section .debug
start 0000010f end 00000181 length   114 section .info.

(C:\Program Files (x86)\COSMIC\FSE_Compilers\CXSTM8\Lib\libm0.sm8)xreg.o:
start 00000005 end 00000008 length     3 section .ubsct
start 00000181 end 000001b0 length    47 section .info.

(C:\Program Files (x86)\COSMIC\FSE_Compilers\CXSTM8\Lib\libm0.sm8)xymvx.o:
start 000085d2 end 000085e1 length    15 section .text
start 000001b0 end 000001e0 length    48 section .info.

(C:\Program Files (x86)\COSMIC\FSE_Compilers\CXSTM8\Lib\libm0.sm8)yreg.o:
start 00000008 end 0000000b length     3 section .ubsct
start 000001e0 end 0000020f length    47 section .info.

Debug\stm8_interrupt_vector.o:
start 00001223 end 00001349 length   294 section .debug
start 0000020f end 0000028b length   124 section .info.
start 00008000 end 00008080 length   128 section .const


                             -----------
                             Stack usage
                             -----------

Debug\functions.o:
_disableInputComp                  >    2   (2)
_enableInputComp                   >    2   (2)
_readADR                           >    2   (2)
_readFastCounter                        9   (4)
_readSlowCounter_byte0                  4   (4)
_readSlowCounter_byte1                  4   (4)
_setADDR0                               2   (2)
_setADDR1                               2   (2)
_setCCLR                                2   (2)
_setDE                                  2   (2)
_setDEB1                                2   (2)
_setDEB2                           >    2   (2)
_setGAL                            >    2   (2)
_setGAU                            >    2   (2)
_setLEA                                 2   (2)
_setMR                                  2   (2)
_setMUX                                 5   (5)
_setTH                                  2   (2)

Debug\main.o:
_main                              >   17   (13)
f_TIM1_CAP_IRQHandler              >   23   (14)

Debug\stm8l15x_it.o:
f_ADC1_COMP_IRQHandler             >    6   (6)
f_DMA1_CHANNEL0_1_IRQHandler       >    6   (6)
f_DMA1_CHANNEL2_3_IRQHandler       >    6   (6)
f_EXTI0_IRQHandler                 >    6   (6)
f_EXTI1_IRQHandler                 >    6   (6)
f_EXTI2_IRQHandler                 >    6   (6)
f_EXTI3_IRQHandler                 >    6   (6)
f_EXTI4_IRQHandler                 >    6   (6)
f_EXTI5_IRQHandler                 >    6   (6)
f_EXTI6_IRQHandler                 >    6   (6)
f_EXTI7_IRQHandler                 >    6   (6)
f_EXTIB_IRQHandler                 >    6   (6)
f_EXTID_IRQHandler                 >    6   (6)
f_EXTIE_F_PVD_IRQHandler           >    6   (6)
f_FLASH_IRQHandler                 >    6   (6)
f_I2C1_IRQHandler                  >    6   (6)
f_LCD_IRQHandler                   >    6   (6)
f_NonHandledInterrupt              >    6   (6)
f_RTC_IRQHandler                   >    6   (6)
f_SPI1_IRQHandler                  >    6   (6)
f_SWITCH_CSS_BREAK_DAC_IRQHandler  >    6   (6)
f_TIM1_UPD_OVF_TRG_COM_IRQHandler  >    6   (6)
f_TIM2_CAP_IRQHandler              >    6   (6)
f_TIM2_UPD_OVF_TRG_BRK_IRQHandler  >    6   (6)
f_TIM3_CAP_IRQHandler              >    6   (6)
f_TIM3_UPD_OVF_TRG_BRK_IRQHandler  >    6   (6)
f_TIM4_UPD_OVF_TRG_IRQHandler      >    6   (6)
f_TRAP_IRQHandler                  >    6   (6)
f_USART1_RX_IRQHandler             >    6   (6)
f_USART1_TX_IRQHandler             >    6   (6)

Stack size: 40


                              ---------
                              Call tree
                              ---------
   1 > __stext: (0)

   2 > _disableInputComp: (2)

   3 > _enableInputComp: (2)

   4 > _main: (13)
   5      + _setADDR0: (2)
   6      + _setADDR1: (2)
   7      + _setDE: (2)
   8      + _setDEB1: (2)
   9      + _setLEA: (2)
  10      + _setTH: (2)
       
  11 > _readADR: (2)

  12 > _setDEB2: (2)

  13 > _setGAL: (2)

  14 > _setGAU: (2)

  15 > f_ADC1_COMP_IRQHandler: (6)

  16 > f_DMA1_CHANNEL0_1_IRQHandler: (6)

  17 > f_DMA1_CHANNEL2_3_IRQHandler: (6)

  18 > f_EXTI0_IRQHandler: (6)

  19 > f_EXTI1_IRQHandler: (6)

  20 > f_EXTI2_IRQHandler: (6)

  21 > f_EXTI3_IRQHandler: (6)

  22 > f_EXTI4_IRQHandler: (6)

  23 > f_EXTI5_IRQHandler: (6)

  24 > f_EXTI6_IRQHandler: (6)

  25 > f_EXTI7_IRQHandler: (6)

  26 > f_EXTIB_IRQHandler: (6)

  27 > f_EXTID_IRQHandler: (6)

  28 > f_EXTIE_F_PVD_IRQHandler: (6)

  29 > f_FLASH_IRQHandler: (6)

  30 > f_I2C1_IRQHandler: (6)

  31 > f_LCD_IRQHandler: (6)

  32 > f_NonHandledInterrupt: (6)

  33 > f_RTC_IRQHandler: (6)

  34 > f_SPI1_IRQHandler: (6)

  35 > f_SWITCH_CSS_BREAK_DAC_IRQHandler: (6)

  36 > f_TIM1_CAP_IRQHandler: (14)
  37      + _readFastCounter: (4)
  38      |    + _setMUX: (5)
          | 
  39      + _readSlowCounter_byte0: (4)
  40      + _readSlowCounter_byte1: (4)
  41      + _setCCLR: (2)
  42      + _setMR: (2)
       
  43 > f_TIM1_UPD_OVF_TRG_COM_IRQHandler: (6)

  44 > f_TIM2_CAP_IRQHandler: (6)

  45 > f_TIM2_UPD_OVF_TRG_BRK_IRQHandler: (6)

  46 > f_TIM3_CAP_IRQHandler: (6)

  47 > f_TIM3_UPD_OVF_TRG_BRK_IRQHandler: (6)

  48 > f_TIM4_UPD_OVF_TRG_IRQHandler: (6)

  49 > f_TRAP_IRQHandler: (6)

  50 > f_USART1_RX_IRQHandler: (6)

  51 > f_USART1_TX_IRQHandler: (6)

  52   _readFastCounter --> 37

  53   _readSlowCounter_byte0 --> 39

  54   _readSlowCounter_byte1 --> 40

  55   _setADDR0 --> 5

  56   _setADDR1 --> 6

  57   _setCCLR --> 41

  58   _setDE --> 7

  59   _setDEB1 --> 8

  60   _setLEA --> 9

  61   _setMR --> 42

  62   _setMUX --> 38

  63   _setTH --> 10



                               -------
                               Symbols
                               -------

__endmem                            000005fe   defined in command file
                                               *** not used ***
__endzp                             0000000b   defined in command file section .ubsct
                                               used in C:\Program Files (x86)\COSMIC\FSE_Compilers\CXSTM8\Lib\crtsi0.sm8
__idesc__                           00008083   defined in linker section .init
                                               used in C:\Program Files (x86)\COSMIC\FSE_Compilers\CXSTM8\Lib\crtsi0.sm8
__memory                            00000100   defined in command file section .bss
                                               used in C:\Program Files (x86)\COSMIC\FSE_Compilers\CXSTM8\Lib\crtsi0.sm8
__stack                             000007ff   defined in command file
                                               used in C:\Program Files (x86)\COSMIC\FSE_Compilers\CXSTM8\Lib\crtsi0.sm8
__startmem                          00000100   defined in command file section .bss
                                               *** not used ***
__stext                             00008090   defined in C:\Program Files (x86)\COSMIC\FSE_Compilers\CXSTM8\Lib\crtsi0.sm8 section .text
                                               used in Debug\stm8_interrupt_vector.o
__vectab                            00008000   defined in Debug\stm8_interrupt_vector.o section .const
_byteData                           00000002   defined in Debug\main.o section .bsct, initialized
_dataAvailable                      00000000   defined in Debug\main.o section .bsct, initialized
_disableInputComp                   000082f9   defined in Debug\functions.o section .text
_enableInputComp                    000082f4   defined in Debug\functions.o section .text
_exit                               000080de   defined in C:\Program Files (x86)\COSMIC\FSE_Compilers\CXSTM8\Lib\crtsi0.sm8 section .text
_main                               0000830f   defined in Debug\main.o section .text
                                               used in C:\Program Files (x86)\COSMIC\FSE_Compilers\CXSTM8\Lib\crtsi0.sm8
_readADR                            00008294   defined in Debug\functions.o section .text
_readFastCounter                    0000810d   defined in Debug\functions.o section .text
                                               used in Debug\main.o
_readSlowCounter_byte0              00008211   defined in Debug\functions.o section .text
                                               used in Debug\main.o
_readSlowCounter_byte1              00008249   defined in Debug\functions.o section .text
                                               used in Debug\main.o
_setADDR0                           000082e1   defined in Debug\functions.o section .text
                                               used in Debug\main.o
_setADDR1                           000082ce   defined in Debug\functions.o section .text
                                               used in Debug\main.o
_setCCLR                            00008200   defined in Debug\functions.o section .text
                                               used in Debug\main.o
_setDE                              00008295   defined in Debug\functions.o section .text
                                               used in Debug\main.o
_setDEB1                            000082a8   defined in Debug\functions.o section .text
                                               used in Debug\main.o
_setDEB2                            000082bb   defined in Debug\functions.o section .text
_setGAL                             000081ef   defined in Debug\functions.o section .text
_setGAU                             000081de   defined in Debug\functions.o section .text
_setLEA                             00008281   defined in Debug\functions.o section .text
                                               used in Debug\main.o
_setMR                              000080e0   defined in Debug\functions.o section .text
                                               used in Debug\main.o
_setMUX                             000080f3   defined in Debug\functions.o section .text
_setTH                              000082fe   defined in Debug\functions.o section .text
                                               used in Debug\main.o
c_x                                 00000005   defined in (C:\Program Files (x86)\COSMIC\FSE_Compilers\CXSTM8\Lib\libm0.sm8)xreg.o section .ubsct
                                               used in C:\Program Files (x86)\COSMIC\FSE_Compilers\CXSTM8\Lib\crtsi0.sm8
                                                       Debug\main.o
                                                       (C:\Program Files (x86)\COSMIC\FSE_Compilers\CXSTM8\Lib\libm0.sm8)xymvx.o
c_xymvx                             000085d2   defined in (C:\Program Files (x86)\COSMIC\FSE_Compilers\CXSTM8\Lib\libm0.sm8)xymvx.o section .text
                                               used in Debug\main.o
c_y                                 00000008   defined in (C:\Program Files (x86)\COSMIC\FSE_Compilers\CXSTM8\Lib\libm0.sm8)yreg.o section .ubsct
                                               used in C:\Program Files (x86)\COSMIC\FSE_Compilers\CXSTM8\Lib\crtsi0.sm8
                                                       Debug\main.o
f_ADC1_COMP_IRQHandler              000085c7   defined in Debug\stm8l15x_it.o section .text
                                               used in Debug\stm8_interrupt_vector.o
f_DMA1_CHANNEL0_1_IRQHandler        000085b7   defined in Debug\stm8l15x_it.o section .text
                                               used in Debug\stm8_interrupt_vector.o
f_DMA1_CHANNEL2_3_IRQHandler        000085b8   defined in Debug\stm8l15x_it.o section .text
                                               used in Debug\stm8_interrupt_vector.o
f_EXTI0_IRQHandler                  000085bd   defined in Debug\stm8l15x_it.o section .text
                                               used in Debug\stm8_interrupt_vector.o
f_EXTI1_IRQHandler                  000085be   defined in Debug\stm8l15x_it.o section .text
                                               used in Debug\stm8_interrupt_vector.o
f_EXTI2_IRQHandler                  000085bf   defined in Debug\stm8l15x_it.o section .text
                                               used in Debug\stm8_interrupt_vector.o
f_EXTI3_IRQHandler                  000085c0   defined in Debug\stm8l15x_it.o section .text
                                               used in Debug\stm8_interrupt_vector.o
f_EXTI4_IRQHandler                  000085c1   defined in Debug\stm8l15x_it.o section .text
                                               used in Debug\stm8_interrupt_vector.o
f_EXTI5_IRQHandler                  000085c2   defined in Debug\stm8l15x_it.o section .text
                                               used in Debug\stm8_interrupt_vector.o
f_EXTI6_IRQHandler                  000085c3   defined in Debug\stm8l15x_it.o section .text
                                               used in Debug\stm8_interrupt_vector.o
f_EXTI7_IRQHandler                  000085c4   defined in Debug\stm8l15x_it.o section .text
                                               used in Debug\stm8_interrupt_vector.o
f_EXTIB_IRQHandler                  000085bb   defined in Debug\stm8l15x_it.o section .text
                                               used in Debug\stm8_interrupt_vector.o
f_EXTID_IRQHandler                  000085bc   defined in Debug\stm8l15x_it.o section .text
                                               used in Debug\stm8_interrupt_vector.o
f_EXTIE_F_PVD_IRQHandler            000085ba   defined in Debug\stm8l15x_it.o section .text
                                               used in Debug\stm8_interrupt_vector.o
f_FLASH_IRQHandler                  000085b6   defined in Debug\stm8l15x_it.o section .text
                                               used in Debug\stm8_interrupt_vector.o
f_I2C1_IRQHandler                   000085d1   defined in Debug\stm8l15x_it.o section .text
                                               used in Debug\stm8_interrupt_vector.o
f_LCD_IRQHandler                    000085c5   defined in Debug\stm8l15x_it.o section .text
                                               used in Debug\stm8_interrupt_vector.o
f_NonHandledInterrupt               000085b4   defined in Debug\stm8l15x_it.o section .text
                                               used in Debug\stm8_interrupt_vector.o
f_RTC_IRQHandler                    000085b9   defined in Debug\stm8l15x_it.o section .text
                                               used in Debug\stm8_interrupt_vector.o
f_SPI1_IRQHandler                   000085ce   defined in Debug\stm8l15x_it.o section .text
                                               used in Debug\stm8_interrupt_vector.o
f_SWITCH_CSS_BREAK_DAC_IRQHandler   000085c6   defined in Debug\stm8l15x_it.o section .text
                                               used in Debug\stm8_interrupt_vector.o
f_TIM1_CAP_IRQHandler               00008554   defined in Debug\main.o section .text
                                               used in Debug\stm8_interrupt_vector.o
f_TIM1_UPD_OVF_TRG_COM_IRQHandler   000085cc   defined in Debug\stm8l15x_it.o section .text
                                               used in Debug\stm8_interrupt_vector.o
f_TIM2_CAP_IRQHandler               000085c9   defined in Debug\stm8l15x_it.o section .text
                                               used in Debug\stm8_interrupt_vector.o
f_TIM2_UPD_OVF_TRG_BRK_IRQHandler   000085c8   defined in Debug\stm8l15x_it.o section .text
                                               used in Debug\stm8_interrupt_vector.o
f_TIM3_CAP_IRQHandler               000085cb   defined in Debug\stm8l15x_it.o section .text
                                               used in Debug\stm8_interrupt_vector.o
f_TIM3_UPD_OVF_TRG_BRK_IRQHandler   000085ca   defined in Debug\stm8l15x_it.o section .text
                                               used in Debug\stm8_interrupt_vector.o
f_TIM4_UPD_OVF_TRG_IRQHandler       000085cd   defined in Debug\stm8l15x_it.o section .text
                                               used in Debug\stm8_interrupt_vector.o
f_TRAP_IRQHandler                   000085b5   defined in Debug\stm8l15x_it.o section .text
                                               used in Debug\stm8_interrupt_vector.o
f_USART1_RX_IRQHandler              000085d0   defined in Debug\stm8l15x_it.o section .text
                                               used in Debug\stm8_interrupt_vector.o
f_USART1_TX_IRQHandler              000085cf   defined in Debug\stm8l15x_it.o section .text
                                               used in Debug\stm8_interrupt_vector.o
